###############################################################################
#
# IAR ELF Linker V7.50.2.10312/W32 for ARM                07/Apr/2016  21:35:59
# Copyright 2007-2015 IAR Systems AB.
#
#    Output file  =  
#        C:\SiliconLabs\SimplicityStudio\v3\developer\sdks\efm32\v2\kits\SLSTK3401A_EFM32PG\examples\humitempCopy\iar\humitemp\Debug\Exe\humitemp.out
#    Map file     =  
#        C:\SiliconLabs\SimplicityStudio\v3\developer\sdks\efm32\v2\kits\SLSTK3401A_EFM32PG\examples\humitempCopy\iar\humitemp\Debug\List\humitemp.map
#    Command line =  
#        C:\SiliconLabs\SimplicityStudio\v3\developer\sdks\efm32\v2\kits\SLSTK3401A_EFM32PG\examples\humitempCopy\iar\humitemp\Debug\Obj\bsp_bcc.o
#        C:\SiliconLabs\SimplicityStudio\v3\developer\sdks\efm32\v2\kits\SLSTK3401A_EFM32PG\examples\humitempCopy\iar\humitemp\Debug\Obj\bsp_stk.o
#        C:\SiliconLabs\SimplicityStudio\v3\developer\sdks\efm32\v2\kits\SLSTK3401A_EFM32PG\examples\humitempCopy\iar\humitemp\Debug\Obj\em_adc.o
#        C:\SiliconLabs\SimplicityStudio\v3\developer\sdks\efm32\v2\kits\SLSTK3401A_EFM32PG\examples\humitempCopy\iar\humitemp\Debug\Obj\em_assert.o
#        C:\SiliconLabs\SimplicityStudio\v3\developer\sdks\efm32\v2\kits\SLSTK3401A_EFM32PG\examples\humitempCopy\iar\humitemp\Debug\Obj\em_cmu.o
#        C:\SiliconLabs\SimplicityStudio\v3\developer\sdks\efm32\v2\kits\SLSTK3401A_EFM32PG\examples\humitempCopy\iar\humitemp\Debug\Obj\em_emu.o
#        C:\SiliconLabs\SimplicityStudio\v3\developer\sdks\efm32\v2\kits\SLSTK3401A_EFM32PG\examples\humitempCopy\iar\humitemp\Debug\Obj\em_gpio.o
#        C:\SiliconLabs\SimplicityStudio\v3\developer\sdks\efm32\v2\kits\SLSTK3401A_EFM32PG\examples\humitempCopy\iar\humitemp\Debug\Obj\em_i2c.o
#        C:\SiliconLabs\SimplicityStudio\v3\developer\sdks\efm32\v2\kits\SLSTK3401A_EFM32PG\examples\humitempCopy\iar\humitemp\Debug\Obj\em_int.o
#        C:\SiliconLabs\SimplicityStudio\v3\developer\sdks\efm32\v2\kits\SLSTK3401A_EFM32PG\examples\humitempCopy\iar\humitemp\Debug\Obj\em_leuart.o
#        C:\SiliconLabs\SimplicityStudio\v3\developer\sdks\efm32\v2\kits\SLSTK3401A_EFM32PG\examples\humitempCopy\iar\humitemp\Debug\Obj\em_rtcc.o
#        C:\SiliconLabs\SimplicityStudio\v3\developer\sdks\efm32\v2\kits\SLSTK3401A_EFM32PG\examples\humitempCopy\iar\humitemp\Debug\Obj\em_system.o
#        C:\SiliconLabs\SimplicityStudio\v3\developer\sdks\efm32\v2\kits\SLSTK3401A_EFM32PG\examples\humitempCopy\iar\humitemp\Debug\Obj\em_usart.o
#        C:\SiliconLabs\SimplicityStudio\v3\developer\sdks\efm32\v2\kits\SLSTK3401A_EFM32PG\examples\humitempCopy\iar\humitemp\Debug\Obj\humitemp.o
#        C:\SiliconLabs\SimplicityStudio\v3\developer\sdks\efm32\v2\kits\SLSTK3401A_EFM32PG\examples\humitempCopy\iar\humitemp\Debug\Obj\i2cspm.o
#        C:\SiliconLabs\SimplicityStudio\v3\developer\sdks\efm32\v2\kits\SLSTK3401A_EFM32PG\examples\humitempCopy\iar\humitemp\Debug\Obj\retargetio.o
#        C:\SiliconLabs\SimplicityStudio\v3\developer\sdks\efm32\v2\kits\SLSTK3401A_EFM32PG\examples\humitempCopy\iar\humitemp\Debug\Obj\retargetserial.o
#        C:\SiliconLabs\SimplicityStudio\v3\developer\sdks\efm32\v2\kits\SLSTK3401A_EFM32PG\examples\humitempCopy\iar\humitemp\Debug\Obj\rtcdriver.o
#        C:\SiliconLabs\SimplicityStudio\v3\developer\sdks\efm32\v2\kits\SLSTK3401A_EFM32PG\examples\humitempCopy\iar\humitemp\Debug\Obj\si7013.o
#        C:\SiliconLabs\SimplicityStudio\v3\developer\sdks\efm32\v2\kits\SLSTK3401A_EFM32PG\examples\humitempCopy\iar\humitemp\Debug\Obj\startup_efm32pg1b.o
#        C:\SiliconLabs\SimplicityStudio\v3\developer\sdks\efm32\v2\kits\SLSTK3401A_EFM32PG\examples\humitempCopy\iar\humitemp\Debug\Obj\system_efm32pg1b.o
#        C:\SiliconLabs\SimplicityStudio\v3\developer\sdks\efm32\v2\kits\SLSTK3401A_EFM32PG\examples\humitempCopy\iar\humitemp\Debug\Obj\udelay.o
#        --redirect _Printf=_PrintfFull --redirect _Scanf=_ScanfFull -o
#        C:\SiliconLabs\SimplicityStudio\v3\developer\sdks\efm32\v2\kits\SLSTK3401A_EFM32PG\examples\humitempCopy\iar\humitemp\Debug\Exe\humitemp.out
#        --map
#        C:\SiliconLabs\SimplicityStudio\v3\developer\sdks\efm32\v2\kits\SLSTK3401A_EFM32PG\examples\humitempCopy\iar\humitemp\Debug\List\humitemp.map
#        --config "C:\Program Files (x86)\IAR Systems\Embedded Workbench
#        7.3\arm\config\linker\SiliconLaboratories\EFM32PG1B200F256.icf"
#        --entry __iar_program_start --vfe
#
###############################################################################

*******************************************************************************
*** RUNTIME MODEL ATTRIBUTES
***

CppFlavor       = *
__SystemLibrary = DLib


*******************************************************************************
*** PLACEMENT SUMMARY
***

"A1":  place at 0x00000000 { ro section .intvec };
"P1":  place in [from 0x00000000 to 0x0003ffff] { ro };
"P2":  place in [from 0x20000000 to 0x20007fff] { rw, block CSTACK, block HEAP };

  Section            Kind        Address    Size  Object
  -------            ----        -------    ----  ------
"A1":                                       0xc8
  .intvec            ro code  0x00000000    0xc8  startup_efm32pg1b.o [1]
                            - 0x000000c8    0xc8

"P1":                                     0x42e0
  .text              ro code  0x000000c8   0xda6  xprintffull.o [3]
  .text              ro code  0x00000e70    0x16  strchr.o [5]
  .text              ro code  0x00000e88    0x36  strlen.o [5]
  .text              ro code  0x00000ec0    0x58  memchr.o [5]
  .text              ro code  0x00000f18    0xee  I64DivMod.o [5]
  .text              ro code  0x00001008    0x76  ABImemcpy_unaligned.o [5]
  .text              ro code  0x0000107e    0x42  xdnorm.o [4]
  .text              ro code  0x000010c0    0x2e  DblCmpLe.o [4]
  .text              ro code  0x000010f0    0x2e  DblCmpGe.o [4]
  .text              ro code  0x00001120   0x114  xdscale.o [4]
  .text              ro code  0x00001234    0x58  DblToI32.o [4]
  .text              ro code  0x0000128c    0x30  I32ToDbl.o [4]
  .text              ro code  0x000012bc   0x180  DblSub.o [4]
  .text              ro code  0x0000143c   0x1a2  DblMul.o [4]
  .text              ro code  0x000015e0   0x256  DblDiv.o [4]
  .text              ro code  0x00001836     0xe  div.o [3]
  .text              ro code  0x00001844     0x2  I64DivZer.o [5]
  .text              ro code  0x00001848    0xd4  DblAdd.o [4]
  .text              ro code  0x0000191c   0x8c4  em_cmu.o [1]
  .text              ro code  0x000021e0    0xa0  system_efm32pg1b.o [1]
  .text              ro code  0x00002280   0x6e8  em_emu.o [1]
  .text              ro code  0x00002968    0x4c  em_system.o [1]
  .text              ro code  0x000029b4   0x7a4  rtcdriver.o [1]
  .text              ro code  0x00003158    0x8c  em_rtcc.o [1]
  .text              ro code  0x000031e4    0x66  ABImemset.o [5]
  .text              ro code  0x0000324c   0x4cc  em_i2c.o [1]
  .text              ro code  0x00003718   0x204  em_usart.o [1]
  .text              ro code  0x0000391c   0x1f8  em_gpio.o [1]
  .text              ro code  0x00003b14   0x1b8  i2cspm.o [1]
  .text              ro code  0x00003ccc   0x1a8  retargetserial.o [1]
  .text              ro code  0x00003e74   0x13e  si7013.o [1]
  .text              ro code  0x00003fb4   0x104  humitemp.o [1]
  .text              ro code  0x000040b8    0x24  printf.o [3]
  .text              ro code  0x000040dc    0x56  retargetio.o [1]
  .text              ro code  0x00004132    0x40  zero_init3.o [5]
  .text              ro code  0x00004172    0x2c  copy_init3.o [5]
  .text              ro code  0x0000419e    0x28  putchar.o [3]
  .text              ro code  0x000041c8    0x28  data_init.o [5]
  Initializer bytes  const    0x000041f0    0x28  <for P2-1>
  .text              ro code  0x00004218    0x22  fpinit_M.o [4]
  .iar.init_table    const    0x0000423c    0x24  - Linker created -
  .text              ro code  0x00004260    0x1a  cmain.o [5]
  .text              ro code  0x0000427a     0x4  low_level_init.o [3]
  .text              ro code  0x0000427e     0x4  exit.o [3]
  .text              ro code  0x00004284     0xa  cexit.o [5]
  .text              ro code  0x00004290     0xc  XXexit.o [5]
  .rodata            const    0x0000429c    0x18  humitemp.o [1]
  .rodata            const    0x000042b4    0x18  retargetserial.o [1]
  .text              ro code  0x000042cc    0x16  xprout.o [3]
  .rodata            const    0x000042e4    0x14  humitemp.o [1]
  .text              ro code  0x000042f8    0x10  startup_efm32pg1b.o [1]
  .rodata            const    0x00004308     0xc  humitemp.o [1]
  .text              ro code  0x00004314     0xc  cstartup_M.o [5]
  .rodata            const    0x00004320     0x8  humitemp.o [1]
  .rodata            const    0x00004328     0x4  em_i2c.o [1]
  .text              ro code  0x0000432c     0x4  startup_efm32pg1b.o [1]
  .text              ro code  0x00004330     0x4  startup_efm32pg1b.o [1]
  .text              ro code  0x00004334     0x4  startup_efm32pg1b.o [1]
  .text              ro code  0x00004338     0x4  startup_efm32pg1b.o [1]
  .text              ro code  0x0000433c     0x4  startup_efm32pg1b.o [1]
  .text              ro code  0x00004340     0x4  startup_efm32pg1b.o [1]
  .text              ro code  0x00004344     0x4  startup_efm32pg1b.o [1]
  .text              ro code  0x00004348     0x4  startup_efm32pg1b.o [1]
  .text              ro code  0x0000434c     0x4  startup_efm32pg1b.o [1]
  .text              ro code  0x00004350     0x4  startup_efm32pg1b.o [1]
  .text              ro code  0x00004354     0x4  startup_efm32pg1b.o [1]
  .text              ro code  0x00004358     0x4  startup_efm32pg1b.o [1]
  .text              ro code  0x0000435c     0x4  startup_efm32pg1b.o [1]
  .text              ro code  0x00004360     0x4  startup_efm32pg1b.o [1]
  .text              ro code  0x00004364     0x4  startup_efm32pg1b.o [1]
  .text              ro code  0x00004368     0x4  startup_efm32pg1b.o [1]
  .text              ro code  0x0000436c     0x4  startup_efm32pg1b.o [1]
  .text              ro code  0x00004370     0x4  startup_efm32pg1b.o [1]
  .text              ro code  0x00004374     0x4  startup_efm32pg1b.o [1]
  .text              ro code  0x00004378     0x4  startup_efm32pg1b.o [1]
  .text              ro code  0x0000437c     0x4  startup_efm32pg1b.o [1]
  .text              ro code  0x00004380     0x4  startup_efm32pg1b.o [1]
  .text              ro code  0x00004384     0x4  startup_efm32pg1b.o [1]
  .text              ro code  0x00004388     0x4  startup_efm32pg1b.o [1]
  .text              ro code  0x0000438c     0x4  startup_efm32pg1b.o [1]
  .text              ro code  0x00004390     0x4  startup_efm32pg1b.o [1]
  .text              ro code  0x00004394     0x4  startup_efm32pg1b.o [1]
  .text              ro code  0x00004398     0x4  startup_efm32pg1b.o [1]
  .text              ro code  0x0000439c     0x4  startup_efm32pg1b.o [1]
  .text              ro code  0x000043a0     0x4  startup_efm32pg1b.o [1]
  .text              ro code  0x000043a4     0x4  startup_efm32pg1b.o [1]
  .rodata            const    0x000043a8     0x0  zero_init3.o [5]
  .rodata            const    0x000043a8     0x0  copy_init3.o [5]
                            - 0x000043a8  0x42e0

"P2", part 1 of 3:                          0x28
  P2-1                        0x20000000    0x25  <Init block>
    .data            inited   0x20000000     0x4  em_cmu.o [1]
    .data            inited   0x20000004     0xc  rtcdriver.o [1]
    .data            inited   0x20000010     0x8  rtcdriver.o [1]
    .data            inited   0x20000018     0x4  system_efm32pg1b.o [1]
    .data            inited   0x2000001c     0x4  system_efm32pg1b.o [1]
    .data            inited   0x20000020     0x4  system_efm32pg1b.o [1]
    .data            inited   0x20000024     0x1  humitemp.o [1]
                            - 0x20000025    0x25

"P2", part 2 of 3:                         0x400
  CSTACK                      0x20000028   0x400  <Block>
    CSTACK           uninit   0x20000028   0x400  <Block tail>
                            - 0x20000428   0x400

"P2", part 3 of 3:                          0xe4
  .bss               zero     0x20000428    0xa0  rtcdriver.o [1]
  .bss               zero     0x200004c8     0xc  em_i2c.o [1]
  .bss               zero     0x200004d4     0x8  retargetserial.o [1]
  .bss               zero     0x200004dc     0x4  em_emu.o [1]
  .bss               zero     0x200004e0     0x4  em_int.o [1]
  .bss               zero     0x200004e4     0x4  humitemp.o [1]
  .bss               zero     0x200004e8     0x4  retargetserial.o [1]
  .bss               zero     0x200004ec     0x4  retargetserial.o [1]
  .bss               zero     0x200004f0     0x4  retargetserial.o [1]
  .bss               zero     0x200004f4     0x4  rtcdriver.o [1]
  .bss               zero     0x200004f8     0x4  rtcdriver.o [1]
  .bss               zero     0x200004fc     0x4  system_efm32pg1b.o [1]
  .bss               zero     0x20000500     0x2  em_emu.o [1]
  .bss               zero     0x20000502     0x2  em_emu.o [1]
  .bss               zero     0x20000504     0x2  em_emu.o [1]
  .bss               zero     0x20000506     0x1  em_emu.o [1]
  .bss               zero     0x20000507     0x1  retargetserial.o [1]
  .bss               zero     0x20000508     0x1  retargetserial.o [1]
  .bss               zero     0x20000509     0x1  rtcdriver.o [1]
  .bss               zero     0x2000050a     0x1  rtcdriver.o [1]
  .bss               zero     0x2000050b     0x1  rtcdriver.o [1]
                            - 0x2000050c    0xe4


*******************************************************************************
*** INIT TABLE
***

          Address     Size
          -------     ----
Zero (__iar_zero_init3)
    1 destination range, total size 0xe4:
          0x20000428  0xe4

Copy (__iar_copy_init3)
    1 source range, total size 0x28 (108% of destination):
          0x000041f0  0x28
    1 destination range, total size 0x25:
          0x20000000  0x25



*******************************************************************************
*** MODULE SUMMARY
***

    Module                 ro code  ro data  rw data
    ------                 -------  -------  -------
C:\SiliconLabs\SimplicityStudio\v3\developer\sdks\efm32\v2\kits\SLSTK3401A_EFM32PG\examples\humitempCopy\iar\humitemp\Debug\Obj: [1]
    em_cmu.o                 2 244        4        4
    em_emu.o                 1 768                11
    em_gpio.o                  504
    em_i2c.o                 1 228        4       12
    em_int.o                                       4
    em_rtcc.o                  140
    em_system.o                 76
    em_usart.o                 516
    humitemp.o                 260       65        5
    i2cspm.o                   440
    retargetio.o                86
    retargetserial.o           424       24       22
    rtcdriver.o              1 956       20      191
    si7013.o                   318
    startup_efm32pg1b.o        340
    system_efm32pg1b.o         160       12       16
    ------------------------------------------------
    Total:                  10 460      129      265

command line: [2]
    ------------------------------------------------
    Total:

dl7M_tln.a: [3]
    div.o                       14
    exit.o                       4
    low_level_init.o             4
    printf.o                    36
    putchar.o                   40
    xprintffull.o            3 494
    xprout.o                    22
    ------------------------------------------------
    Total:                   3 614

m7M_tls.a: [4]
    DblAdd.o                   212
    DblCmpGe.o                  46
    DblCmpLe.o                  46
    DblDiv.o                   598
    DblMul.o                   418
    DblSub.o                   384
    DblToI32.o                  88
    I32ToDbl.o                  48
    fpinit_M.o                  34
    xdnorm.o                    66
    xdscale.o                  276
    ------------------------------------------------
    Total:                   2 216

rt7M_tl.a: [5]
    ABImemcpy_unaligned.o      118
    ABImemset.o                102
    I64DivMod.o                238
    I64DivZer.o                  2
    XXexit.o                    12
    cexit.o                     10
    cmain.o                     26
    copy_init3.o                44
    cstartup_M.o                12
    data_init.o                 40
    memchr.o                    88
    strchr.o                    22
    strlen.o                    54
    zero_init3.o                64
    ------------------------------------------------
    Total:                     832

    Gaps                        26        4
    Linker created                       39    1 024
----------------------------------------------------
    Grand Total:            17 148      172    1 289


*******************************************************************************
*** ENTRY LIST
***

Entry                      Address   Size  Type      Object
-----                      -------   ----  ----      ------
.iar.init_table$$Base   0x0000423c          --   Gb  - Linker created -
.iar.init_table$$Limit  0x00004260          --   Gb  - Linker created -
?main                   0x00004261         Code  Gb  cmain.o [5]
BUS_RegBitRead          0x0000192b   0x10  Code  Lc  em_cmu.o [1]
BUS_RegBitWrite         0x0000191d    0xe  Code  Lc  em_cmu.o [1]
BUS_RegBitWrite         0x00002281    0xe  Code  Lc  em_emu.o [1]
BUS_RegBitWrite         0x0000391d    0xe  Code  Lc  em_gpio.o [1]
BUS_RegBitWrite         0x0000324d    0xe  Code  Lc  em_i2c.o [1]
BUS_RegBitWrite         0x00003b15    0xe  Code  Lc  i2cspm.o [1]
BUS_RegMaskedClear      0x00001943    0x8  Code  Lc  em_cmu.o [1]
BUS_RegMaskedClear      0x00003933    0x8  Code  Lc  em_gpio.o [1]
BUS_RegMaskedClear      0x00003263    0x8  Code  Lc  em_i2c.o [1]
BUS_RegMaskedRead       0x00001965    0x6  Code  Lc  em_cmu.o [1]
BUS_RegMaskedSet        0x0000193b    0x8  Code  Lc  em_cmu.o [1]
BUS_RegMaskedSet        0x0000392b    0x8  Code  Lc  em_gpio.o [1]
BUS_RegMaskedSet        0x0000325b    0x8  Code  Lc  em_i2c.o [1]
BUS_RegMaskedWrite      0x0000194b   0x1a  Code  Lc  em_cmu.o [1]
BUS_RegMaskedWrite      0x0000393b   0x1a  Code  Lc  em_gpio.o [1]
BUS_RegMaskedWrite      0x0000326b   0x1a  Code  Lc  em_i2c.o [1]
CHIP_Init               0x00003fb5    0x2  Code  Lc  humitemp.o [1]
CMU_ClockEnable         0x00001af7   0x9a  Code  Gb  em_cmu.o [1]
CMU_ClockFreqGet        0x00001b91  0x146  Code  Gb  em_cmu.o [1]
CMU_ClockSelectGet      0x00001cd7  0x112  Code  Gb  em_cmu.o [1]
CMU_ClockSelectSet      0x00001de9  0x17e  Code  Gb  em_cmu.o [1]
CMU_DivToLog2           0x000029e1   0x20  Code  Lc  rtcdriver.o [1]
CMU_HFXOInit            0x00001fa5   0xec  Code  Gb  em_cmu.o [1]
CMU_Log2ToDiv           0x0000196b    0x8  Code  Lc  em_cmu.o [1]
CMU_OscillatorEnable    0x000020a5   0xe8  Code  Gb  em_cmu.o [1]
CSTACK$$Base            0x20000028          --   Gb  - Linker created -
CSTACK$$Limit           0x20000428          --   Gb  - Linker created -
ConstCalibrationLoad    0x000022bf   0x70  Code  Lc  em_emu.o [1]
EMU_DCDCInit            0x000024e9   0xda  Code  Gb  em_emu.o [1]
EMU_DCDCModeSet         0x000024af   0x3a  Code  Gb  em_emu.o [1]
EMU_DCDCOptimizeSlice   0x00002833   0xa0  Code  Gb  em_emu.o [1]
EMU_DCDCOutputVoltageSet
                        0x000025c3  0x270  Code  Gb  em_emu.o [1]
EMU_UpdateOscConfig     0x000022a5   0x1a  Code  Gb  em_emu.o [1]
GPIO_PinModeSet         0x00003a21   0xf0  Code  Gb  em_gpio.o [1]
GPIO_PinOutClear        0x00003955   0x66  Code  Lc  em_gpio.o [1]
GPIO_PinOutClear        0x00003b23   0x66  Code  Lc  i2cspm.o [1]
GPIO_PinOutSet          0x000039bb   0x66  Code  Lc  em_gpio.o [1]
GPIO_PinOutSet          0x00003b89   0x66  Code  Lc  i2cspm.o [1]
I2CSPM_Init             0x00003bef   0x9a  Code  Gb  i2cspm.o [1]
I2CSPM_Transfer         0x00003c89   0x30  Code  Gb  i2cspm.o [1]
I2C_BusFreqSet          0x00003285   0xe4  Code  Gb  em_i2c.o [1]
I2C_Init                0x00003369   0x48  Code  Gb  em_i2c.o [1]
I2C_Transfer            0x000033b1  0x2c0  Code  Gb  em_i2c.o [1]
I2C_TransferInit        0x00003671   0x7e  Code  Gb  em_i2c.o [1]
INT_Disable             0x00002a01   0x24  Code  Lc  rtcdriver.o [1]
INT_Enable              0x00002a25   0x2e  Code  Lc  rtcdriver.o [1]
INT_LockCnt             0x200004e0    0x4  Data  Gb  em_int.o [1]
LFtoCRLF                0x20000507    0x1  Data  Lc  retargetserial.o [1]
LoadInt                 0x0000064d   0x6e  Code  Lc  xprintffull.o [3]
LpCmpHystCalibrationLoad
                        0x00002431   0x7e  Code  Lc  em_emu.o [1]
NVIC_ClearPendingIRQ    0x00003ce1   0x14  Code  Lc  retargetserial.o [1]
NVIC_ClearPendingIRQ    0x000029cb   0x16  Code  Lc  rtcdriver.o [1]
NVIC_EnableIRQ          0x00003ccd   0x14  Code  Lc  retargetserial.o [1]
NVIC_EnableIRQ          0x000029b5   0x16  Code  Lc  rtcdriver.o [1]
RETARGET_SerialInit     0x00003d57   0x96  Code  Gb  retargetserial.o [1]
RETARGET_WriteChar      0x00003ded   0x4c  Code  Gb  retargetserial.o [1]
RTCC_ChannelCCVGet      0x00002a53   0x18  Code  Lc  rtcdriver.o [1]
RTCC_ChannelCCVSet      0x00002a6b   0x18  Code  Lc  rtcdriver.o [1]
RTCC_ChannelInit        0x00003159   0x4c  Code  Gb  em_rtcc.o [1]
RTCC_CounterGet         0x00002a83    0x8  Code  Lc  rtcdriver.o [1]
RTCC_IRQHandler         0x00002e1d   0x6e  Code  Gb  rtcdriver.o [1]
RTCC_Init               0x000031a5   0x38  Code  Gb  em_rtcc.o [1]
RTCC_IntClear           0x00002a8b    0x8  Code  Lc  rtcdriver.o [1]
RTCC_IntDisable         0x00002a93   0x10  Code  Lc  rtcdriver.o [1]
RTCC_IntEnable          0x00002aa3   0x10  Code  Lc  rtcdriver.o [1]
RTCC_IntGet             0x00002ab3    0x8  Code  Lc  rtcdriver.o [1]
RTCDRV_AllocateTimer    0x00002abb   0x58  Code  Gb  rtcdriver.o [1]
RTCDRV_Init             0x00002b13   0xa6  Code  Gb  rtcdriver.o [1]
RTCDRV_StartTimer       0x00002bb9  0x264  Code  Gb  rtcdriver.o [1]
Region$$Table$$Base     0x0000423c          --   Gb  - Linker created -
Region$$Table$$Limit    0x00004260          --   Gb  - Linker created -
SYSTEM_ChipRevisionGet  0x00002969   0x4c  Code  Gb  em_system.o [1]
SYSTEM_GetDevinfoRev    0x0000228f    0xa  Code  Lc  em_emu.o [1]
SYSTEM_GetFamily        0x00002299    0xc  Code  Lc  em_emu.o [1]
Si7013_Detect           0x00003f59   0x5a  Code  Gb  si7013.o [1]
Si7013_Measure          0x00003e75   0x6e  Code  Lc  si7013.o [1]
Si7013_MeasureRHAndTemp
                        0x00003ee3   0x6c  Code  Gb  si7013.o [1]
SystemCoreClock         0x200004fc    0x4  Data  Gb  system_efm32pg1b.o [1]
SystemCoreClockGet      0x000021e1   0x20  Code  Gb  system_efm32pg1b.o [1]
SystemHFClockGet        0x00002205   0x36  Code  Gb  system_efm32pg1b.o [1]
SystemHFXOClock         0x20000018    0x4  Data  Lc  system_efm32pg1b.o [1]
SystemHFXOClockGet      0x0000223b    0x6  Code  Gb  system_efm32pg1b.o [1]
SystemHfrcoFreq         0x20000020    0x4  Data  Gb  system_efm32pg1b.o [1]
SystemInit              0x00002241    0xe  Code  Gb  system_efm32pg1b.o [1]
SystemLFRCOClockGet     0x0000224f    0x6  Code  Gb  system_efm32pg1b.o [1]
SystemLFXOClock         0x2000001c    0x4  Data  Lc  system_efm32pg1b.o [1]
SystemLFXOClockGet      0x0000225b    0x6  Code  Gb  system_efm32pg1b.o [1]
SystemMaxCoreClockGet   0x00002201    0x4  Code  Gb  system_efm32pg1b.o [1]
SystemULFRCOClockGet    0x00002255    0x6  Code  Gb  system_efm32pg1b.o [1]
TxBuf                   0x000040dd   0x1e  Code  Lc  retargetio.o [1]
USART0_RX_IRQHandler    0x00003d01   0x56  Code  Gb  retargetserial.o [1]
USART_BaudrateAsyncSet  0x00003719   0xd2  Code  Gb  em_usart.o [1]
USART_Enable            0x000037eb   0x28  Code  Gb  em_usart.o [1]
USART_InitAsync         0x00003813   0x80  Code  Gb  em_usart.o [1]
USART_IntClear          0x00003cf5    0x4  Code  Lc  retargetserial.o [1]
USART_IntEnable         0x00003cf9    0x8  Code  Lc  retargetserial.o [1]
USART_Reset             0x00003893   0x5a  Code  Gb  em_usart.o [1]
USART_Rx                0x00003905    0xc  Code  Gb  em_usart.o [1]
USART_Tx                0x00003911    0xc  Code  Gb  em_usart.o [1]
ValidatedConfigSet      0x0000232f   0xa4  Code  Gb  em_emu.o [1]
_GenldFull              0x00000bc3  0x262  Code  Lc  xprintffull.o [3]
_LdtobFull              0x000007c1  0x3fc  Code  Lc  xprintffull.o [3]
_LitobFull              0x000006bb  0x106  Code  Lc  xprintffull.o [3]
_PrintfFull             0x000000c9  0x57e  Code  Gb  xprintffull.o [3]
_Prout                  0x000042cd   0x16  Code  Gb  xprout.o [3]
_PutcharsFull           0x00000e25   0x2e  Code  Lc  xprintffull.o [3]
__Vectors               0x00000000          --   Gb  startup_efm32pg1b.o [1]
__Vectors_End           0x000000c8         Data  Gb  startup_efm32pg1b.o [1]
__Vectors_Size {Abs}    0x000000c8          --   Gb  startup_efm32pg1b.o [1]
__aeabi_cdcmple         0x000010c1         Code  Gb  DblCmpLe.o [4]
__aeabi_cdrcmple        0x000010f1         Code  Gb  DblCmpGe.o [4]
__aeabi_d2iz            0x00001235         Code  Gb  DblToI32.o [4]
__aeabi_d2uiz           0x00001261         Code  Gb  DblToI32.o [4]
__aeabi_ddiv            0x000015e1         Code  Gb  DblDiv.o [4]
__aeabi_dmul            0x0000143d         Code  Gb  DblMul.o [4]
__aeabi_dsub            0x000012bd         Code  Gb  DblSub.o [4]
__aeabi_i2d             0x0000128d         Code  Gb  I32ToDbl.o [4]
__aeabi_ldiv0           0x00001845         Code  Gb  I64DivZer.o [5]
__aeabi_memset          0x000031e5         Code  Gb  ABImemset.o [5]
__aeabi_ui2d            0x000012a1         Code  Gb  I32ToDbl.o [4]
__aeabi_uldivmod        0x00000f19         Code  Gb  I64DivMod.o [5]
__cmain                 0x00004261         Code  Gb  cmain.o [5]
__exit                  0x00004291         Code  Gb  XXexit.o [5]
__iar_Dnorm             0x0000107f   0x42  Code  Gb  xdnorm.o [4]
__iar_Dscale            0x00001121  0x114  Code  Gb  xdscale.o [4]
__iar_Memchr            0x00000ec1         Code  Gb  memchr.o [5]
__iar_Memset            0x000031e5         Code  Gb  ABImemset.o [5]
__iar_Memset_word       0x000031ed         Code  Gb  ABImemset.o [5]
__iar_Strchr            0x00000e71         Code  Gb  strchr.o [5]
__iar_copy_init3        0x00004173   0x2c  Code  Gb  copy_init3.o [5]
__iar_d2uiz             0x0000126d         Code  Gb  DblToI32.o [4]
__iar_dadd              0x00001849         Code  Gb  DblAdd.o [4]
__iar_data_init3        0x000041c9   0x28  Code  Gb  data_init.o [5]
__iar_dsub              0x000012d1         Code  Gb  DblSub.o [4]
__iar_dsubStart         0x000012e3         Code  Gb  DblSub.o [4]
__iar_init_vfp          0x00004219         Code  Gb  fpinit_M.o [4]
__iar_program_start     0x00004315         Code  Gb  cstartup_M.o [5]
__iar_ui2d              0x000012a5         Code  Gb  I32ToDbl.o [4]
__iar_unaligned___aeabi_memcpy
                        0x00001009         Code  Gb  ABImemcpy_unaligned.o [5]
__iar_unaligned___aeabi_memcpy4
                        0x00001029         Code  Gb  ABImemcpy_unaligned.o [5]
__iar_unaligned___aeabi_memcpy8
                        0x00001029         Code  Gb  ABImemcpy_unaligned.o [5]
__iar_zero_init3        0x00004133   0x40  Code  Gb  zero_init3.o [5]
__low_level_init        0x0000427b    0x4  Code  Gb  low_level_init.o [3]
__vector_table          0x00000000         Data  Gb  startup_efm32pg1b.o [1]
__vector_table_0x1c     0x0000001c         Data  Gb  startup_efm32pg1b.o [1]
__write                 0x000040fb   0x38  Code  Gb  retargetio.o [1]
_call_main              0x0000426d         Code  Gb  cmain.o [5]
_exit                   0x00004285         Code  Gb  cexit.o [5]
_main                   0x00004277         Code  Gb  cmain.o [5]
auxClkGet               0x00001973    0xa  Code  Lc  em_cmu.o [1]
auxHfrcoFreq            0x20000000    0x4  Data  Lc  em_cmu.o [1]
checkAllTimers          0x00002e8b  0x1a0  Code  Lc  rtcdriver.o [1]
cmuHfclkStatus          0x20000500    0x2  Data  Lc  em_emu.o [1]
cmuStatus               0x200004dc    0x4  Data  Lc  em_emu.o [1]
dbgClkGet               0x0000197d   0x30  Code  Lc  em_cmu.o [1]
dcdcMaxCurrent_mA       0x20000502    0x2  Data  Lc  em_emu.o [1]
dcdcOutput_mVout        0x20000504    0x2  Data  Lc  em_emu.o [1]
div                     0x00001837    0xe  Code  Gb  div.o [3]
errataFixDcdcHsState    0x20000506    0x1  Data  Gb  em_emu.o [1]
executeTimerCallbacks   0x0000302b   0x36  Code  Lc  rtcdriver.o [1]
exit                    0x0000427f    0x4  Code  Gb  exit.o [3]
flashWaitStateControl   0x000019ad   0x68  Code  Lc  em_cmu.o [1]
flashWaitStateMax       0x00001a15    0xc  Code  Lc  em_cmu.o [1]
gpioSetup               0x0000407b   0x18  Code  Lc  humitemp.o [1]
i2cNSum                 0x00004328    0x4  Data  Lc  em_i2c.o [1]
i2cTransfer             0x200004c8    0xc  Data  Lc  em_i2c.o [1]
inTimerIRQ              0x20000509    0x1  Data  Lc  rtcdriver.o [1]
initRTCC                0x20000004    0xc  Data  Lc  rtcdriver.o [1]
initRTCCCompareChannel  0x20000010    0x8  Data  Lc  rtcdriver.o [1]
initialized             0x20000508    0x1  Data  Lc  retargetserial.o [1]
lastStart               0x200004f4    0x4  Data  Lc  rtcdriver.o [1]
lfClkGet                0x00001a21   0xc0  Code  Lc  em_cmu.o [1]
main                    0x00003fcf   0xac  Code  Gb  humitemp.o [1]
maxCurrentSet           0x00002421   0x10  Code  Lc  em_emu.o [1]
maxCurrentUpdate        0x000023d3   0x4e  Code  Lc  em_emu.o [1]
memchr                  0x00000ec1         Code  Gb  memchr.o [5]
performMeasurements     0x00003fb7   0x18  Code  Lc  humitemp.o [1]
periodicUpdateCallback  0x00004095    0x8  Code  Lc  humitemp.o [1]
periodicUpdateTimerId   0x200004e4    0x4  Data  Gb  humitemp.o [1]
printf                  0x000040b9   0x24  Code  Gb  printf.o [3]
putchar                 0x0000419f   0x28  Code  Gb  putchar.o [3]
rescheduleRtc           0x00003061   0x9a  Code  Lc  rtcdriver.o [1]
rtcRunning              0x2000050a    0x1  Data  Lc  rtcdriver.o [1]
rtcdrvIsInitialized     0x2000050b    0x1  Data  Lc  rtcdriver.o [1]
rxBuffer                0x200004d4    0x8  Data  Lc  retargetserial.o [1]
rxCount                 0x200004f0    0x4  Data  Lc  retargetserial.o [1]
rxReadIndex             0x200004e8    0x4  Data  Lc  retargetserial.o [1]
rxWriteIndex            0x200004ec    0x4  Data  Lc  retargetserial.o [1]
startTimerNestingLevel  0x200004f8    0x4  Data  Lc  rtcdriver.o [1]
strchr                  0x00000e71         Code  Gb  strchr.o [5]
strlen                  0x00000e89         Code  Gb  strlen.o [5]
syncReg                 0x00001ae1   0x16  Code  Lc  em_cmu.o [1]
timer                   0x20000428   0xa0  Data  Lc  rtcdriver.o [1]
updateMeasurement       0x20000024    0x1  Data  Lc  humitemp.o [1]


[1] = C:\SiliconLabs\SimplicityStudio\v3\developer\sdks\efm32\v2\kits\SLSTK3401A_EFM32PG\examples\humitempCopy\iar\humitemp\Debug\Obj
[2] = command line
[3] = dl7M_tln.a
[4] = m7M_tls.a
[5] = rt7M_tl.a

  17 148 bytes of readonly  code memory
     172 bytes of readonly  data memory
   1 289 bytes of readwrite data memory

Errors: none
Warnings: none
